src/features/appointments/components/AppointmentsView/components/CalendarGrid.tsx(125,49): error TS2339: Property 'customer_name' does not exist on type 'AppointmentMetadata'.
src/features/appointments/components/AppointmentsView/components/CalendarGrid.tsx(133,49): error TS2551: Property 'vehicle_plate' does not exist on type 'AppointmentMetadata'. Did you mean 'vehiclePlate'?
src/features/appointments/components/AppointmentsView/hooks/useAppointmentsLogic.ts(156,37): error TS2307: Cannot find module '../../../types' or its corresponding type declarations.
src/features/appointments/components/AppointmentsView/hooks/useAppointmentsLogic.ts(233,43): error TS2307: Cannot find module '../../../types' or its corresponding type declarations.
src/features/appointments/components/AppointmentsView/index.tsx(92,48): error TS2345: Argument of type '`/tasks/${string}`' is not assignable to parameter of type 'AppView'.
src/features/notifications/context/NotificationsContext.tsx(150,32): error TS2339: Property 'actor_id' does not exist on type 'NotificationMetadata'.
src/features/tasks/components/CreateTaskModal/components/CustomerInfoSection.tsx(5,36): error TS2307: Cannot find module '../../types/task.types' or its corresponding type declarations.
src/features/tasks/components/CreateTaskModal/components/TaskDetailsSection.tsx(3,36): error TS2307: Cannot find module '../../types/task.types' or its corresponding type declarations.
src/features/tasks/components/CreateTaskModal/components/VehicleInfoSection.tsx(4,36): error TS2307: Cannot find module '../../types/task.types' or its corresponding type declarations.
src/features/tasks/components/CreateTaskModal/index.tsx(63,15): error TS2322: Type '<K extends keyof CreateTaskFormData>(field: K, value: CreateTaskFormData[K]) => void' is not assignable to type '<K extends keyof CreateTaskFormData>(field: K, value: CreateTaskFormData) => void'.
  Types of parameters 'field' and 'field' are incompatible.
    Type 'K' is not assignable to type 'keyof CreateTaskFormData'.
      Type 'string | number | symbol' is not assignable to type 'keyof CreateTaskFormData'.
        Type 'string' is not assignable to type 'keyof CreateTaskFormData'.
src/features/tasks/components/CreateTaskModal/index.tsx(76,15): error TS2322: Type '<K extends keyof CreateTaskFormData>(field: K, value: CreateTaskFormData[K]) => void' is not assignable to type '<K extends keyof CreateTaskFormData>(field: K, value: CreateTaskFormData) => void'.
  Types of parameters 'field' and 'field' are incompatible.
    Type 'K' is not assignable to type 'keyof CreateTaskFormData'.
      Type 'string | number | symbol' is not assignable to type 'keyof CreateTaskFormData'.
        Type 'string' is not assignable to type 'keyof CreateTaskFormData'.
src/features/tasks/components/CreateTaskModal/index.tsx(86,15): error TS2322: Type '<K extends keyof CreateTaskFormData>(field: K, value: CreateTaskFormData[K]) => void' is not assignable to type '<K extends keyof CreateTaskFormData>(field: K, value: CreateTaskFormData) => void'.
  Types of parameters 'field' and 'field' are incompatible.
    Type 'K' is not assignable to type 'keyof CreateTaskFormData'.
      Type 'string | number | symbol' is not assignable to type 'keyof CreateTaskFormData'.
        Type 'string' is not assignable to type 'keyof CreateTaskFormData'.
src/features/tasks/components/CustomerDashboard/components/CustomerHeader.tsx(19,7): error TS2322: Type '"none"' is not assignable to type '"flat" | "default" | "premium" | "glass"'.
src/features/tasks/components/CustomerDashboard/components/CustomerHeader.tsx(38,15): error TS2322: Type '"white"' is not assignable to type '"flat" | "default" | "premium" | "glass"'.
src/features/tasks/components/CustomerDashboard/components/CustomerVehiclesSection.tsx(3,25): error TS2307: Cannot find module '../../../types' or its corresponding type declarations.
src/features/tasks/components/CustomerTaskCard.tsx(248,42): error TS2345: Argument of type '"" | PaymentMethod' is not assignable to parameter of type 'PaymentMethod'.
  Type '""' is not assignable to type 'PaymentMethod'.
src/features/tasks/components/PublicOrderStatus/index.tsx(86,36): error TS2307: Cannot find module '../types' or its corresponding type declarations.
src/features/users/components/Settings/hooks/useSettingsLogic.ts(141,22): error TS2552: Cannot find name 'NotificationSettings'. Did you mean 'NotificationOptions'?
src/features/users/components/Settings/index.tsx(82,8): error TS2741: Property 'setShowPasswordModal' is missing in type '{ user: Profile; pushEnabled: boolean; togglePushNotifications: () => Promise<void>; updateNotificationSettings: (updates: NotificationSettings) => Promise<void>; language: Language; switchLanguage: (lang: Language) => void; }' but required in type 'SettingsMenuSectionsProps'.
src/shared/components/ui/Button/Button.tsx(3,10): error TS2614: Module '"@/shared/components/ui/LoadingSpinner"' has no exported member 'LoadingSpinner'. Did you mean to use 'import LoadingSpinner from "@/shared/components/ui/LoadingSpinner"' instead?
src/shared/components/ui/Modal/Modal.tsx(64,9): error TS2322: Type '"white"' is not assignable to type '"flat" | "default" | "premium" | "glass"'.
src/shared/constants/index.ts(31,14): error TS2739: Type '{ he: { appName: string; login: string; signup: string; welcome: string; tasks: string; appointments: string; organization: string; settings: string; vehicles: string; createTask: string; editTask: string; ... 12 more ...; normal: string; }; en: { ...; }; }' is missing the following properties from type 'Record<Language, Partial<Record<string, string>>>': ar, ru, zh, th, hi
src/shared/utils/assetUtils.ts(90,7): error TS2353: Object literal may only specify known properties, and 'onUploadProgress' does not exist in type 'FileOptions'.
supabase/functions/_shared/supabase-client.ts(1,30): error TS2307: Cannot find module 'https://esm.sh/@supabase/supabase-js@2' or its corresponding type declarations.
supabase/functions/_shared/supabase-client.ts(4,25): error TS2304: Cannot find name 'Deno'.
supabase/functions/_shared/supabase-client.ts(5,28): error TS2304: Cannot find name 'Deno'.
supabase/functions/_shared/supabase-client.ts(5,73): error TS2304: Cannot find name 'Deno'.
supabase/functions/_shared/supabase-client.ts(15,12): error TS2304: Cannot find name 'Deno'.
supabase/functions/_shared/supabase-client.ts(15,57): error TS2304: Cannot find name 'Deno'.
supabase/functions/check-delayed-tasks/index.ts(1,23): error TS2307: Cannot find module 'https://deno.land/std@0.168.0/http/server.ts' or its corresponding type declarations.
supabase/functions/check-scheduled-reminders/index.ts(1,23): error TS2307: Cannot find module 'https://deno.land/std@0.168.0/http/server.ts' or its corresponding type declarations.
supabase/functions/daily-appointment-notifications/index.ts(4,23): error TS2307: Cannot find module 'https://deno.land/std@0.168.0/http/server.ts' or its corresponding type declarations.
supabase/functions/daily-appointment-notifications/index.ts(5,30): error TS2307: Cannot find module 'https://esm.sh/@supabase/supabase-js@2.39.3' or its corresponding type declarations.
supabase/functions/daily-appointment-notifications/index.ts(21,25): error TS2304: Cannot find name 'Deno'.
supabase/functions/daily-appointment-notifications/index.ts(22,32): error TS2304: Cannot find name 'Deno'.
supabase/functions/daily-appointment-reminder/index.ts(3,1): error TS2304: Cannot find name 'Deno'.
supabase/functions/daily-appointment-reminder/index.ts(6,7): error TS2304: Cannot find name 'Deno'.
supabase/functions/daily-appointment-reminder/index.ts(7,7): error TS2304: Cannot find name 'Deno'.
supabase/functions/notification-dispatcher/index.ts(1,23): error TS2307: Cannot find module 'https://deno.land/std@0.168.0/http/server.ts' or its corresponding type declarations.
supabase/functions/notification-dispatcher/index.ts(26,41): error TS2304: Cannot find name 'Deno'.
supabase/functions/send-push/index.ts(1,23): error TS2307: Cannot find module 'https://deno.land/std@0.168.0/http/server.ts' or its corresponding type declarations.
supabase/functions/send-push/index.ts(2,21): error TS2307: Cannot find module 'npm:web-push' or its corresponding type declarations.
supabase/functions/send-push/index.ts(15,32): error TS2304: Cannot find name 'Deno'.
supabase/functions/send-push/index.ts(15,73): error TS2304: Cannot find name 'Deno'.
supabase/functions/send-push/index.ts(16,33): error TS2304: Cannot find name 'Deno'.
supabase/functions/send-push/index.ts(17,30): error TS2304: Cannot find name 'Deno'.
supabase/functions/send-surveys/index.ts(1,23): error TS2307: Cannot find module 'https://deno.land/std@0.168.0/http/server.ts' or its corresponding type declarations.
tests/integration/workflows/task-completion.test.tsx(5,9): error TS2740: Type '{ id: string; title: string; description: string; status: TaskStatus.IN_PROGRESS; priority: any; org_id: string; created_by: string; assigned_to: string[]; vehicle: { id: string; plate: string; model: string; ... 4 more ...; created_at: string; }; created_at: string; updated_at: string; }' is missing the following properties from type 'Task': vehicle_id, price, allotted_time, started_at, and 4 more.
tests/mocks/index.ts(21,14): error TS2739: Type '{ id: string; org_id: string; plate: string; model: string; year: string; created_at: string; }' is missing the following properties from type 'Vehicle': owner_id, color
tests/mocks/index.ts(43,5): error TS2322: Type '"MANUAL_ENTRY"' is not assignable to type 'TaskMetadataType'.
tests/unit/components/TaskCard.test.tsx(72,9): error TS2740: Type '{ id: string; title: string; status: TaskStatus.IN_PROGRESS; priority: Priority.NORMAL; created_at: string; org_id: string; created_by: string; vehicle: any; }' is missing the following properties from type 'Task': vehicle_id, description, assigned_to, price, and 6 more.
