// Vitest Snapshot v1, https://vitest.dev/guide/snapshot.html

exports[`TaskCard Component > should match snapshot 1`] = `
<div>
  <div
    class="card-premium overflow-hidden group transition-all duration-500 relative cursor-pointer  border border-gray-100 "
    id="task-task-1"
  >
    <div
      data-testid="task-overlay-actions"
    />
    <div
      class="p-4 md:p-6"
    >
      <div
        class="flex flex-col lg:flex-row justify-between gap-4 md:gap-8"
      >
        <div
          class="flex-1 space-y-2 md:space-y-4 text-right"
          dir="rtl"
        >
          <div
            data-testid="task-header"
          />
          <div
            data-testid="task-approval-actions"
          />
          <div
            class="flex flex-wrap items-center gap-3 pt-1"
          >
            <div
              data-testid="task-main-actions"
            />
          </div>
          <div
            data-testid="task-staff-info"
          />
        </div>
        <div
          data-testid="task-footer"
        />
      </div>
    </div>
  </div>
</div>
`;
